// Jest Snapshot v1, https://goo.gl/fbAQLP

exports[`snapshot of component 1`] = `
<DocumentFragment>
  .c0 {
  display: -webkit-box;
  display: -webkit-flex;
  display: -ms-flexbox;
  display: flex;
  margin-bottom: 40px;
}

.c1 {
  display: -webkit-box;
  display: -webkit-flex;
  display: -ms-flexbox;
  display: flex;
}

.c1 img {
  display: block;
  height: 44px;
  width: 44px;
  border-radius: 4px;
  cursor: pointer;
}

.c1 img:hover + h3 {
  color: rgb(0,94,184);
  -webkit-text-decoration: underline;
  text-decoration: underline;
}

.c1 h3 {
  margin-left: 25px;
  color: rgb(33,43,50);
}

.c1 h3:hover {
  color: rgb(0,94,184);
  -webkit-text-decoration: underline;
  text-decoration: underline;
  cursor: pointer;
}

.c1 h3:active {
  color: rgb(33,43,50);
  -webkit-text-decoration: none;
  text-decoration: none;
  background-color: rgb(255,235,59);
  border-bottom: 2px solid rgb(33,43,50);
}

<div
    class="c0"
  >
    <a
      class="c1"
      href="/workspaces/test123"
    >
      <img
        alt=""
        src="/public/Placeholder_Workspace_Image.svg"
      />
      <h3>
        workspace name
      </h3>
    </a>
  </div>
</DocumentFragment>
`;
