// Jest Snapshot v1, https://goo.gl/fbAQLP

exports[`snapshot of component 1`] = `
<DocumentFragment>
  .c0 {
  display: -webkit-box;
  display: -webkit-flex;
  display: -ms-flexbox;
  display: flex;
  margin-bottom: 40px;
}

.c0 img {
  padding-right: 24px;
  border-radius: 4px;
  height: 44px;
  display: block;
}

.c1 {
  display: -webkit-box;
  display: -webkit-flex;
  display: -ms-flexbox;
  display: flex;
  -webkit-text-decoration: none;
  text-decoration: none;
}

.c1 h4 {
  margin-bottom: 0px;
}

.c1 h4:hover {
  -webkit-text-decoration: underline;
  text-decoration: underline;
  cursor: pointer;
}

.c1 h4:active {
  color: rgb(33,43,50);
  -webkit-text-decoration: none;
  text-decoration: none;
  background-color: rgb(255,235,59);
}

<div
    class="c0"
  >
    <img
      alt=""
      src="/public/Placeholder_Workspace_Image.svg"
    />
    <a
      class="c1"
      href="/workspaces/test123"
    >
      <h4>
        workspace name
      </h4>
    </a>
  </div>
</DocumentFragment>
`;
