// Jest Snapshot v1, https://goo.gl/fbAQLP

exports[`snapshot of component 1`] = `
<DocumentFragment>
  .c0 {
  -webkit-align-items: center;
  -webkit-box-align: center;
  -ms-flex-align: center;
  align-items: center;
  display: -webkit-box;
  display: -webkit-flex;
  display: -ms-flexbox;
  display: flex;
  margin-bottom: 40px;
}

.c0 img {
  padding-right: 24px;
  border-radius: 4px;
  height: 44px;
  display: block;
}

.c1 {
  display: -webkit-box;
  display: -webkit-flex;
  display: -ms-flexbox;
  display: flex;
  -webkit-text-decoration: none;
  text-decoration: none;
}

.c1:hover {
  -webkit-text-decoration: underline;
  text-decoration: underline;
  cursor: pointer;
}

.c1:active {
  color: rgb(33,43,50);
  background-color: rgb(255,235,59);
  -webkit-text-decoration: none;
  text-decoration: none;
}

.c1 div {
  margin-bottom: 0px;
  font-size: 22px;
  font-weight: 600;
}

<div
    class="c0"
  >
    <img
      alt=""
      src="/public/Placeholder_Workspace_Image.svg"
    />
    <a
      class="c1"
      href="/workspaces/test123"
    >
      <div>
        workspace name
      </div>
    </a>
  </div>
</DocumentFragment>
`;
