// Jest Snapshot v1, https://goo.gl/fbAQLP

exports[`Permissions renders matching snapshot 1`] = `
<DocumentFragment>
  .c0 {
  display: -webkit-box;
  display: -webkit-flex;
  display: -ms-flexbox;
  display: flex;
  -webkit-flex-direction: row;
  -ms-flex-direction: row;
  flex-direction: row;
  margin-bottom: 24px;
}

.c0 h3 {
  margin: 0;
}

.c0 button {
  padding: 0 0 0 20px;
  background: none;
  color: inherit;
  border: none;
  outline: inherit;
}

.c1 {
  margin-bottom: 40px;
}

<div
    class="nhsuk-form-group"
  >
    <div
      class="c0"
    >
      <h3>
        Permissions
      </h3>
      <button>
        <div
          class="icon-wrapper "
        >
          <svg
            fill="none"
            height="24"
            viewBox="0 0 24 24"
            width="24"
            xmlns="http://www.w3.org/2000/svg"
          >
            <path
              clip-rule="evenodd"
              d="M11.5 16.5C11.1 16.5 10.8333 16.3714 10.5667 16.1143L3.9 9.68571C3.36667 9.17143 3.36667 8.4 3.9 7.88571C4.43333 7.37143 5.23333 7.37143 5.76667 7.88571L11.5 13.4143L17.2333 7.88571C17.7667 7.37143 18.5667 7.37143 19.1 7.88571C19.6333 8.4 19.6333 9.17143 19.1 9.68571L12.4333 16.1143C12.1667 16.3714 11.9 16.5 11.5 16.5V16.5Z"
              fill="#425462"
              fill-rule="evenodd"
            />
          </svg>
        </div>
      </button>
    </div>
    <p
      class="c1"
    >
      You can set permissions for this folder. All users authorised to access a folder can view all its contents
    </p>
  </div>
</DocumentFragment>
`;
